-- Test Setup: TwentySortedParquetFiles
-- SQL: select count(*), sum(f) from m;
+-----------------+----------+
| COUNT(UInt8(1)) | SUM(m.f) |
+-----------------+----------+
| 21              | 33.0     |
+-----------------+----------+
-- SQL: EXPLAIN select count(*), sum(f) from m;
-- Results After Normalizing UUIDs
----------
| plan_type    | plan    |
----------
| logical_plan    | Aggregate: groupBy=[[]], aggr=[[COUNT(UInt8(1)), SUM(m.f)]]    |
|    |   TableScan: m projection=[f]    |
| physical_plan    | AggregateExec: mode=Final, gby=[], aggr=[COUNT(UInt8(1)), SUM(m.f)]    |
|    |   CoalescePartitionsExec    |
|    |     AggregateExec: mode=Partial, gby=[], aggr=[COUNT(UInt8(1)), SUM(m.f)]    |
|    |       UnionExec    |
|    |         ParquetExec: limit=None, partitions={4 groups: [[1/1/1/00000000-0000-0000-0000-000000000000.parquet, 1/1/1/00000000-0000-0000-0000-000000000001.parquet, 1/1/1/00000000-0000-0000-0000-000000000002.parquet], [1/1/1/00000000-0000-0000-0000-000000000003.parquet, 1/1/1/00000000-0000-0000-0000-000000000004.parquet, 1/1/1/00000000-0000-0000-0000-000000000005.parquet], [1/1/1/00000000-0000-0000-0000-000000000006.parquet, 1/1/1/00000000-0000-0000-0000-000000000007.parquet], [1/1/1/00000000-0000-0000-0000-000000000008.parquet, 1/1/1/00000000-0000-0000-0000-000000000009.parquet]]}, projection=[f]    |
|    |         ProjectionExec: expr=[f@1 as f]    |
|    |           DeduplicateExec: [tag@2 ASC,time@3 ASC]    |
|    |             SortPreservingMergeExec: [tag@2 ASC,time@3 ASC,__chunk_order@0 ASC]    |
|    |               ParquetExec: limit=None, partitions={10 groups: [[1/1/1/00000000-0000-0000-0000-00000000000a.parquet], [1/1/1/00000000-0000-0000-0000-00000000000b.parquet], [1/1/1/00000000-0000-0000-0000-00000000000c.parquet], [1/1/1/00000000-0000-0000-0000-00000000000d.parquet], [1/1/1/00000000-0000-0000-0000-00000000000e.parquet], [1/1/1/00000000-0000-0000-0000-00000000000f.parquet], [1/1/1/00000000-0000-0000-0000-000000000010.parquet], [1/1/1/00000000-0000-0000-0000-000000000011.parquet], [1/1/1/00000000-0000-0000-0000-000000000012.parquet], [1/1/1/00000000-0000-0000-0000-000000000013.parquet]]}, output_ordering=[tag@2 ASC, time@3 ASC, __chunk_order@0 ASC], projection=[__chunk_order, f, tag, time]    |
|    |    |
----------